[www.narrowdesign.com/index.html]
[backblue.gif]
[fade.gif]
[index.html]
[www.narrowdesign.com/favicon-32x32.png]
[www.narrowdesign.com/favicon-16x16.png]
[narrowdesign.com/ui/assets/images/nj1.jpg]
[www.narrowdesign.com/ui/assets/scripts/jquery-2.1.1.min.js]
[www.narrowdesign.com/ui/assets/scripts/mousewheel.js]
[www.google-analytics.com/analytics.js]
[www.narrowdesign.com/ui/assets/images/projects/gotThumb.jpg]
[www.narrowdesign.com/ui/assets/images/projects/fltvThumb.jpg]
[www.narrowdesign.com/ui/assets/images/projects/prometheusThumb.jpg]
[www.narrowdesign.com/ui/assets/images/projects/nfcThumb.jpg]
[www.narrowdesign.com/ui/assets/images/projects/gridThumb.jpg]
[www.narrowdesign.com/ui/assets/images/projects/spentThumb.jpg]
[www.narrowdesign.com/ui/assets/images/projects/got2.jpg]
[www.narrowdesign.com/ui/assets/images/projects/got3.jpg]
[www.narrowdesign.com/ui/assets/images/projects/got4.jpg]
[www.narrowdesign.com/ui/assets/scripts/scriptab43.js]
[www.narrowdesign.com/index.html]
[www.narrowdesign.com/ui/assets/scripts/spiralab43.js]
[www.narrowdesign.com/ui/assets/styles/css/style.css]
[www.narrowdesign.com/ui/assets/images/pattern.png]
